16:06:26 **** Incremental Build of configuration Debug for project MatrixButton_Tutorial ****
make -j8 all 
arm-none-eabi-gcc "../Core/Src/main.c" -mcpu=cortex-m4 -std=gnu11 -g3 -DDEBUG -DUSE_HAL_DRIVER -DSTM32F411xE -c -I../Core/Inc -I../Drivers/STM32F4xx_HAL_Driver/Inc -I../Drivers/STM32F4xx_HAL_Driver/Inc/Legacy -I../Drivers/CMSIS/Device/ST/STM32F4xx/Include -I../Drivers/CMSIS/Include -O0 -ffunction-sections -fdata-sections -Wall -fstack-usage -MMD -MP -MF"Core/Src/main.d" -MT"Core/Src/main.o" --specs=nano.specs -mfpu=fpv4-sp-d16 -mfloat-abi=hard -mthumb -o "Core/Src/main.o"
arm-none-eabi-gcc -o "MatrixButton_Tutorial.elf" @"objects.list"   -mcpu=cortex-m4 -T"D:\GitHub_repo\week02_MatrixButton\MatrixButton_Tutorial\STM32F411RETX_FLASH.ld" --specs=nosys.specs -Wl,-Map="MatrixButton_Tutorial.map" -Wl,--gc-sections -static --specs=nano.specs -mfpu=fpv4-sp-d16 -mfloat-abi=hard -mthumb -Wl,--start-group -lc -lm -Wl,--end-group
Finished building target: MatrixButton_Tutorial.elf
 
arm-none-eabi-size   MatrixButton_Tutorial.elf 
arm-none-eabi-objdump -h -S  MatrixButton_Tutorial.elf  > "MatrixButton_Tutorial.list"
   text	   data	    bss	    dec	    hex	filename
   8112	     84	   1652	   9848	   2678	MatrixButton_Tutorial.elf
Finished building: default.size.stdout
 
Finished building: MatrixButton_Tutorial.list
 

16:06:28 Build Finished. 0 errors, 0 warnings. (took 1s.678ms)

